// Jest Snapshot v1, https://goo.gl/fbAQLP

exports[`<Screen /> renders correctly 1`] = `
<RCTSafeAreaView
  emulateUnlessSupported={true}
  style={
    Object {
      "flex": 1,
    }
  }
>
  <View
    style={
      Object {
        "backgroundColor": "#fff",
        "flex": 5,
        "flexDirection": "column-reverse",
      }
    }
  >
    <Text
      style={
        Object {
          "color": "black",
          "fontSize": 64,
          "padding": 15,
          "textAlign": "right",
        }
      }
    />
  </View>
  <View
    style={
      Object {
        "flex": 5,
        "flexDirection": "row",
        "justifyContent": "space-between",
        "marginBottom": 20,
        "marginLeft": 8,
        "marginRight": 8,
      }
    }
  >
    <View
      style={
        Object {
          "flex": 3,
          "flexDirection": "column",
          "justifyContent": "space-around",
        }
      }
    >
      <View
        style={
          Object {
            "flex": 1,
            "flexDirection": "row",
          }
        }
      >
        <View
          accessible={true}
          focusable={true}
          isTVSelectable={true}
          onClick={[Function]}
          onResponderGrant={[Function]}
          onResponderMove={[Function]}
          onResponderRelease={[Function]}
          onResponderTerminate={[Function]}
          onResponderTerminationRequest={[Function]}
          onStartShouldSetResponder={[Function]}
          style={
            Object {
              "alignItems": "center",
              "backgroundColor": "#d6d6d6",
              "borderRadius": 8,
              "flex": 1,
              "justifyContent": "center",
              "margin": 8,
              "opacity": 1,
            }
          }
        >
          <Text
            style={
              Object {
                "color": "black",
                "fontSize": 34,
              }
            }
          >
            7
          </Text>
        </View>
        <View
          accessible={true}
          focusable={true}
          isTVSelectable={true}
          onClick={[Function]}
          onResponderGrant={[Function]}
          onResponderMove={[Function]}
          onResponderRelease={[Function]}
          onResponderTerminate={[Function]}
          onResponderTerminationRequest={[Function]}
          onStartShouldSetResponder={[Function]}
          style={
            Object {
              "alignItems": "center",
              "backgroundColor": "#d6d6d6",
              "borderRadius": 8,
              "flex": 1,
              "justifyContent": "center",
              "margin": 8,
              "opacity": 1,
            }
          }
        >
          <Text
            style={
              Object {
                "color": "black",
                "fontSize": 34,
              }
            }
          >
            8
          </Text>
        </View>
        <View
          accessible={true}
          focusable={true}
          isTVSelectable={true}
          onClick={[Function]}
          onResponderGrant={[Function]}
          onResponderMove={[Function]}
          onResponderRelease={[Function]}
          onResponderTerminate={[Function]}
          onResponderTerminationRequest={[Function]}
          onStartShouldSetResponder={[Function]}
          style={
            Object {
              "alignItems": "center",
              "backgroundColor": "#d6d6d6",
              "borderRadius": 8,
              "flex": 1,
              "justifyContent": "center",
              "margin": 8,
              "opacity": 1,
            }
          }
        >
          <Text
            style={
              Object {
                "color": "black",
                "fontSize": 34,
              }
            }
          >
            9
          </Text>
        </View>
      </View>
      <View
        style={
          Object {
            "flex": 1,
            "flexDirection": "row",
          }
        }
      >
        <View
          accessible={true}
          focusable={true}
          isTVSelectable={true}
          onClick={[Function]}
          onResponderGrant={[Function]}
          onResponderMove={[Function]}
          onResponderRelease={[Function]}
          onResponderTerminate={[Function]}
          onResponderTerminationRequest={[Function]}
          onStartShouldSetResponder={[Function]}
          style={
            Object {
              "alignItems": "center",
              "backgroundColor": "#d6d6d6",
              "borderRadius": 8,
              "flex": 1,
              "justifyContent": "center",
              "margin": 8,
              "opacity": 1,
            }
          }
        >
          <Text
            style={
              Object {
                "color": "black",
                "fontSize": 34,
              }
            }
          >
            4
          </Text>
        </View>
        <View
          accessible={true}
          focusable={true}
          isTVSelectable={true}
          onClick={[Function]}
          onResponderGrant={[Function]}
          onResponderMove={[Function]}
          onResponderRelease={[Function]}
          onResponderTerminate={[Function]}
          onResponderTerminationRequest={[Function]}
          onStartShouldSetResponder={[Function]}
          style={
            Object {
              "alignItems": "center",
              "backgroundColor": "#d6d6d6",
              "borderRadius": 8,
              "flex": 1,
              "justifyContent": "center",
              "margin": 8,
              "opacity": 1,
            }
          }
        >
          <Text
            style={
              Object {
                "color": "black",
                "fontSize": 34,
              }
            }
          >
            5
          </Text>
        </View>
        <View
          accessible={true}
          focusable={true}
          isTVSelectable={true}
          onClick={[Function]}
          onResponderGrant={[Function]}
          onResponderMove={[Function]}
          onResponderRelease={[Function]}
          onResponderTerminate={[Function]}
          onResponderTerminationRequest={[Function]}
          onStartShouldSetResponder={[Function]}
          style={
            Object {
              "alignItems": "center",
              "backgroundColor": "#d6d6d6",
              "borderRadius": 8,
              "flex": 1,
              "justifyContent": "center",
              "margin": 8,
              "opacity": 1,
            }
          }
        >
          <Text
            style={
              Object {
                "color": "black",
                "fontSize": 34,
              }
            }
          >
            6
          </Text>
        </View>
      </View>
      <View
        style={
          Object {
            "flex": 1,
            "flexDirection": "row",
          }
        }
      >
        <View
          accessible={true}
          focusable={true}
          isTVSelectable={true}
          onClick={[Function]}
          onResponderGrant={[Function]}
          onResponderMove={[Function]}
          onResponderRelease={[Function]}
          onResponderTerminate={[Function]}
          onResponderTerminationRequest={[Function]}
          onStartShouldSetResponder={[Function]}
          style={
            Object {
              "alignItems": "center",
              "backgroundColor": "#d6d6d6",
              "borderRadius": 8,
              "flex": 1,
              "justifyContent": "center",
              "margin": 8,
              "opacity": 1,
            }
          }
        >
          <Text
            style={
              Object {
                "color": "black",
                "fontSize": 34,
              }
            }
          >
            1
          </Text>
        </View>
        <View
          accessible={true}
          focusable={true}
          isTVSelectable={true}
          onClick={[Function]}
          onResponderGrant={[Function]}
          onResponderMove={[Function]}
          onResponderRelease={[Function]}
          onResponderTerminate={[Function]}
          onResponderTerminationRequest={[Function]}
          onStartShouldSetResponder={[Function]}
          style={
            Object {
              "alignItems": "center",
              "backgroundColor": "#d6d6d6",
              "borderRadius": 8,
              "flex": 1,
              "justifyContent": "center",
              "margin": 8,
              "opacity": 1,
            }
          }
        >
          <Text
            style={
              Object {
                "color": "black",
                "fontSize": 34,
              }
            }
          >
            2
          </Text>
        </View>
        <View
          accessible={true}
          focusable={true}
          isTVSelectable={true}
          onClick={[Function]}
          onResponderGrant={[Function]}
          onResponderMove={[Function]}
          onResponderRelease={[Function]}
          onResponderTerminate={[Function]}
          onResponderTerminationRequest={[Function]}
          onStartShouldSetResponder={[Function]}
          style={
            Object {
              "alignItems": "center",
              "backgroundColor": "#d6d6d6",
              "borderRadius": 8,
              "flex": 1,
              "justifyContent": "center",
              "margin": 8,
              "opacity": 1,
            }
          }
        >
          <Text
            style={
              Object {
                "color": "black",
                "fontSize": 34,
              }
            }
          >
            3
          </Text>
        </View>
      </View>
      <View
        style={
          Object {
            "flex": 1,
            "flexDirection": "row",
          }
        }
      >
        <View
          accessible={true}
          focusable={true}
          isTVSelectable={true}
          onClick={[Function]}
          onResponderGrant={[Function]}
          onResponderMove={[Function]}
          onResponderRelease={[Function]}
          onResponderTerminate={[Function]}
          onResponderTerminationRequest={[Function]}
          onStartShouldSetResponder={[Function]}
          style={
            Object {
              "alignItems": "center",
              "backgroundColor": "#d6d6d6",
              "borderRadius": 8,
              "flex": 1,
              "justifyContent": "center",
              "margin": 8,
              "opacity": 1,
            }
          }
        >
          <Text
            style={
              Object {
                "color": "black",
                "fontSize": 34,
              }
            }
          >
            C
          </Text>
        </View>
        <View
          accessible={true}
          focusable={true}
          isTVSelectable={true}
          onClick={[Function]}
          onResponderGrant={[Function]}
          onResponderMove={[Function]}
          onResponderRelease={[Function]}
          onResponderTerminate={[Function]}
          onResponderTerminationRequest={[Function]}
          onStartShouldSetResponder={[Function]}
          style={
            Object {
              "alignItems": "center",
              "backgroundColor": "#d6d6d6",
              "borderRadius": 8,
              "flex": 1,
              "justifyContent": "center",
              "margin": 8,
              "opacity": 1,
            }
          }
        >
          <Text
            style={
              Object {
                "color": "black",
                "fontSize": 34,
              }
            }
          >
            0
          </Text>
        </View>
        <View
          accessible={true}
          focusable={true}
          isTVSelectable={true}
          onClick={[Function]}
          onResponderGrant={[Function]}
          onResponderMove={[Function]}
          onResponderRelease={[Function]}
          onResponderTerminate={[Function]}
          onResponderTerminationRequest={[Function]}
          onStartShouldSetResponder={[Function]}
          style={
            Object {
              "alignItems": "center",
              "backgroundColor": "#d6d6d6",
              "borderRadius": 8,
              "flex": 1,
              "justifyContent": "center",
              "margin": 8,
              "opacity": 1,
            }
          }
        >
          <Text
            style={
              Object {
                "color": "black",
                "fontSize": 34,
              }
            }
          >
            .
          </Text>
        </View>
      </View>
    </View>
    <View
      style={
        Object {
          "flex": 1,
        }
      }
    >
      <View
        style={
          Object {
            "flex": 1,
            "flexDirection": "row",
          }
        }
      >
        <View
          accessible={true}
          focusable={true}
          isTVSelectable={true}
          onClick={[Function]}
          onResponderGrant={[Function]}
          onResponderMove={[Function]}
          onResponderRelease={[Function]}
          onResponderTerminate={[Function]}
          onResponderTerminationRequest={[Function]}
          onStartShouldSetResponder={[Function]}
          style={
            Object {
              "alignItems": "center",
              "backgroundColor": "#d6d6d6",
              "borderRadius": 8,
              "flex": 1,
              "justifyContent": "center",
              "margin": 8,
              "opacity": 1,
            }
          }
        >
          <Text
            style={
              Object {
                "color": "black",
                "fontSize": 34,
              }
            }
          >
            /
          </Text>
        </View>
      </View>
      <View
        style={
          Object {
            "flex": 1,
            "flexDirection": "row",
          }
        }
      >
        <View
          accessible={true}
          focusable={true}
          isTVSelectable={true}
          onClick={[Function]}
          onResponderGrant={[Function]}
          onResponderMove={[Function]}
          onResponderRelease={[Function]}
          onResponderTerminate={[Function]}
          onResponderTerminationRequest={[Function]}
          onStartShouldSetResponder={[Function]}
          style={
            Object {
              "alignItems": "center",
              "backgroundColor": "#d6d6d6",
              "borderRadius": 8,
              "flex": 1,
              "justifyContent": "center",
              "margin": 8,
              "opacity": 1,
            }
          }
        >
          <Text
            style={
              Object {
                "color": "black",
                "fontSize": 34,
              }
            }
          >
            *
          </Text>
        </View>
      </View>
      <View
        style={
          Object {
            "flex": 1,
            "flexDirection": "row",
          }
        }
      >
        <View
          accessible={true}
          focusable={true}
          isTVSelectable={true}
          onClick={[Function]}
          onResponderGrant={[Function]}
          onResponderMove={[Function]}
          onResponderRelease={[Function]}
          onResponderTerminate={[Function]}
          onResponderTerminationRequest={[Function]}
          onStartShouldSetResponder={[Function]}
          style={
            Object {
              "alignItems": "center",
              "backgroundColor": "#d6d6d6",
              "borderRadius": 8,
              "flex": 1,
              "justifyContent": "center",
              "margin": 8,
              "opacity": 1,
            }
          }
        >
          <Text
            style={
              Object {
                "color": "black",
                "fontSize": 34,
              }
            }
          >
            +
          </Text>
        </View>
      </View>
      <View
        style={
          Object {
            "flex": 1,
            "flexDirection": "row",
          }
        }
      >
        <View
          accessible={true}
          focusable={true}
          isTVSelectable={true}
          onClick={[Function]}
          onResponderGrant={[Function]}
          onResponderMove={[Function]}
          onResponderRelease={[Function]}
          onResponderTerminate={[Function]}
          onResponderTerminationRequest={[Function]}
          onStartShouldSetResponder={[Function]}
          style={
            Object {
              "alignItems": "center",
              "backgroundColor": "#d6d6d6",
              "borderRadius": 8,
              "flex": 1,
              "justifyContent": "center",
              "margin": 8,
              "opacity": 1,
            }
          }
        >
          <Text
            style={
              Object {
                "color": "black",
                "fontSize": 34,
              }
            }
          >
            -
          </Text>
        </View>
      </View>
      <View
        style={
          Object {
            "flex": 1,
            "flexDirection": "row",
          }
        }
      >
        <View
          accessible={true}
          focusable={true}
          isTVSelectable={true}
          onClick={[Function]}
          onResponderGrant={[Function]}
          onResponderMove={[Function]}
          onResponderRelease={[Function]}
          onResponderTerminate={[Function]}
          onResponderTerminationRequest={[Function]}
          onStartShouldSetResponder={[Function]}
          style={
            Object {
              "alignItems": "center",
              "backgroundColor": "#d6d6d6",
              "borderRadius": 8,
              "flex": 1,
              "justifyContent": "center",
              "margin": 8,
              "opacity": 1,
            }
          }
        >
          <Text
            style={
              Object {
                "color": "black",
                "fontSize": 34,
              }
            }
          >
            =
          </Text>
        </View>
      </View>
    </View>
  </View>
</RCTSafeAreaView>
`;
